Microchip MPLAB XC8 Compiler V2.20

Linker command line:

-W-3 --edf=C:\Program Files\Microchip\xc8\v2.20\pic\dat\en_msgs.txt -cn \
  -h+dist/default/production\FLACA11.X.production.sym \
  --cmf=dist/default/production\FLACA11.X.production.cmf -z -Q16F877A \
  -oC:\Users\user\AppData\Local\Temp\s9rs.2 \
  -Mdist/default/production/FLACA11.X.production.map -E1 -ver=XC8 Compiler \
  -ASTACK=0110h-016Fh -pstack=STACK -ACODE=00h-07FFhx4 -ASTRCODE=00h-01FFFh \
  -ASTRING=00h-0FFhx32 -ACONST=00h-0FFhx32 -AENTRY=00h-0FFhx32 \
  -ACOMMON=070h-07Fh -ABANK0=020h-06Fh -ABANK1=0A0h-0EFh \
  -ABANK2=0110h-016Fh -ABANK3=0190h-01EFh \
  -ARAM=020h-06Fh,0A0h-0EFh,0110h-016Fh,0190h-01EFh \
  -AABS1=020h-07Fh,0A0h-0EFh,0110h-016Fh,0190h-01EFh -ASFR0=00h-01Fh \
  -ASFR1=080h-09Fh -ASFR2=0100h-010Fh -ASFR3=0180h-018Fh \
  -ACONFIG=02007h-02007h -DCONFIG=2 -AIDLOC=02000h-02003h -DIDLOC=2 \
  -preset_vec=00h,intentry,init,end_init -ppowerup=CODE -pcinit=CODE \
  -pfunctab=ENTRY -AEEDATA=00h-0FFh/02100h -peeprom_data=EEDATA -DEEDATA=2 \
  -DCODE=2 -DSTRCODE=2 -DSTRING=2 -DCONST=2 -DENTRY=2 -k \
  C:\Users\user\AppData\Local\Temp\s9rs.obj \
  dist/default/production\FLACA11.X.production.obj 

Object code version is 3.11

Machine type is 16F877A



                Name                               Link     Load   Length Selector   Space Scale
C:\Users\user\AppData\Local\Temp\s9rs.obj
                end_init                              0        0        3        0       0
                config                             2007     2007        1        0       4
dist/default/production\FLACA11.X.production.obj
                cinit                               7F5      7F5        B      FEA       0
                config                             2007     2007        1        0       4
                text14                              296      296       A0      52C       0
                text13                              1F8      1F8       9E      3F0       0
                text12                              FB8      FB8       48     1F70       0
                text11                              336      336       AB      66C       0
                text10                              F71      F71       47     1EE2       0
                text9                                79       79       6C       F2       0
                text8                               EE2      EE2       21     1DC4       0
                text7                               160      160       98      2C0       0
                text6                               3E1      3E1       B3      7C2       0
                text5                                E5       E5       7B      1CA       0
                text4                               F35      F35       3C     1E6A       0
                text3                               F03      F03       32     1E06       0
                text2                               557      557       CC      AAE       0
                text1                               494      494       C3      928       0
                maintext                            623      623      1D2      C46       0
                cstackBANK0                          20       20       27       20       1
                cstackCOMMON                         70       70        E       70       1
                clrtext                              71       71        8       E2       0
                bssBANK0                             47       47       25       20       1
                strings                               3        3       66        6       0

TOTAL           Name                               Link     Load   Length     Space
        CLASS   STACK          

        CLASS   CODE           
                end_init                              0        0        3         0
                cinit                               7F5      7F5        B         0
                text14                              296      296       A0         0
                text13                              1F8      1F8       9E         0
                text12                              FB8      FB8       48         0
                text11                              336      336       AB         0
                text10                              F71      F71       47         0
                text9                                79       79       6C         0
                text8                               EE2      EE2       21         0
                text7                               160      160       98         0
                text6                               3E1      3E1       B3         0
                text5                                E5       E5       7B         0
                text4                               F35      F35       3C         0
                text3                               F03      F03       32         0
                text2                               557      557       CC         0
                text1                               494      494       C3         0
                maintext                            623      623      1D2         0
                clrtext                              71       71        8         0

        CLASS   STRCODE        

        CLASS   STRING         
                strings                               3        3       66         0

        CLASS   CONST          

        CLASS   ENTRY          

        CLASS   COMMON         
                cstackCOMMON                         70       70        E         1

        CLASS   BANK0          
                cstackBANK0                          20       20       27         1
                bssBANK0                             47       47       25         1

        CLASS   BANK1          

        CLASS   BANK2          

        CLASS   BANK3          

        CLASS   RAM            

        CLASS   ABS1           
                abs_s1                               7E       7E        2         1

        CLASS   SFR0           

        CLASS   SFR1           

        CLASS   SFR2           

        CLASS   SFR3           

        CLASS   CONFIG         
                config                             2007     2007        1         4

        CLASS   IDLOC          

        CLASS   EEDATA         



SEGMENTS        Name                           Load    Length   Top    Selector   Space  Class     Delta

                reset_vec                      000000  000003  000003         0       0  CODE        2
                strings                        000003  000066  000069         6       0  STRING      2
                cstackBANK0                    000020  00004C  00006C        20       1  BANK0       1
                cstackCOMMON                   000070  00000E  00007E        70       1  COMMON      1
                clrtext                        000071  000008  000079        E2       0  CODE        2
                text9                          000079  00006C  0000E5        F2       0  CODE        2
                text5                          0000E5  00007B  000160       1CA       0  CODE        2
                text7                          000160  000098  0001F8       2C0       0  CODE        2
                text13                         0001F8  00009E  000296       3F0       0  CODE        2
                text14                         000296  0000A0  000336       52C       0  CODE        2
                text11                         000336  0000AB  0003E1       66C       0  CODE        2
                text6                          0003E1  0000B3  000494       7C2       0  CODE        2
                text1                          000494  0000C3  000557       928       0  CODE        2
                text2                          000557  0000CC  000623       AAE       0  CODE        2
                maintext                       000623  0001D2  0007F5       C46       0  CODE        2
                cinit                          0007F5  00000B  000800       FEA       0  CODE        2
                text8                          000EE2  000021  000F03      1DC4       0  CODE        2
                text3                          000F03  000032  000F35      1E06       0  CODE        2
                text4                          000F35  00003C  000F71      1E6A       0  CODE        2
                text10                         000F71  000047  000FB8      1EE2       0  CODE        2
                text12                         000FB8  000048  001000      1F70       0  CODE        2


UNUSED ADDRESS RANGES

        Name                Unused          Largest block    Delta
        BANK0            006C-006F              4           1
        BANK1            00A0-00EF             50           1
        BANK2            0110-016F             60           1
        BANK3            0190-01EF             60           1
        CODE             0069-0070              8           2
                         0800-0EE1            6E2
                         1000-1FFF            800
        CONST            0069-0070              8           2
                         0800-0EE1            100
                         1000-1FFF            100
        EEDATA           2100-21FF            100           2
        ENTRY            0069-0070              8           2
                         0800-0EE1            100
                         1000-1FFF            100
        IDLOC            2000-2003              4           2
        RAM              006C-006F              4           1
                         00A0-00EF             50
                         0110-016F             60
                         0190-01EF             60
        SFR0             0000-001F             20           1
        SFR1             0080-009F             20           1
        SFR2             0100-010F             10           1
        SFR3             0180-018F             10           1
        STACK            0110-016F             60           1
        STRCODE          0069-0070              8           2
                         0800-0EE1            6E2
                         1000-1FFF           1000
        STRING           0069-0070              8           2
                         0800-0EE1            100
                         1000-1FFF            100

                                  Symbol Table

?___awtoft               cstackCOMMON 0078
?___ftdiv                cstackBANK0  002F
?___ftmul                cstackBANK0  0020
?___ftpack               cstackCOMMON 0070
?___fttol                cstackBANK0  002F
?___lwdiv                cstackCOMMON 0070
?___lwmod                cstackCOMMON 0077
?_sprintf                cstackBANK0  0020
Lcd_CharCP@c             cstackCOMMON 0072
Lcd_Command@command      cstackCOMMON 0072
Lcd_ConstText@buffer     cstackCOMMON 0074
Lcd_ConstText@data       cstackCOMMON 0077
Lcd_ConstText@x          cstackCOMMON 0073
Lcd_ConstText@y          cstackCOMMON 0076
Lcd_Init@data            cstackCOMMON 0075
_ADC                     bssBANK0     0058
_ADCON0                  (abs)        001F
_ADCON0bits              (abs)        001F
_ADCON1                  (abs)        009F
_ADRESH                  (abs)        001E
_ADRESL                  (abs)        009E
_Boton_Aceptar           bssBANK0     004A
_Boton_Aumento           bssBANK0     004E
_Boton_Decremento        bssBANK0     004C
_ESTADO                  bssBANK0     0052
_INI                     text10       0F71
_Lcd_CharCP              text14       0296
_Lcd_Command             text13       01F8
_Lcd_ConstText           text12       0FB8
_Lcd_Init                text11       0336
_PORTBbits               (abs)        0006
_PORTCbits               (abs)        0007
_PORTDbits               (abs)        0008
_SEN1                    bssBANK0     0066
_SEN2                    bssBANK0     0060
_SENSOR1                 bssBANK0     0056
_SENSOR2                 bssBANK0     0054
_TIEM                    bssBANK0     005A
_TIEMPO                  bssBANK0     0050
_TRISB                   (abs)        0086
_TRISCbits               (abs)        0087
_TRISD                   (abs)        0088
_VOLTAJE                 bssBANK0     0047
__Habs1                  abs1         0000
__Hbank0                 bank0        0000
__Hbank1                 bank1        0000
__Hbank2                 bank2        0000
__Hbank3                 bank3        0000
__HbssBANK0              bssBANK0     0000
__Hcinit                 cinit        0800
__Hclrtext               clrtext      0000
__Hcode                  code         0000
__Hcommon                common       0000
__Hconfig                config       2008
__HcstackBANK0           cstackBANK0  0000
__HcstackCOMMON          cstackCOMMON 0000
__Heeprom_data           eeprom_data  0000
__Hend_init              end_init     0003
__Hfunctab               functab      0000
__Hinit                  init         0000
__Hintentry              intentry     0000
__Hmaintext              maintext     0000
__Hpowerup               powerup      0000
__Hram                   ram          0000
__Hreset_vec             reset_vec    0000
__Hsfr0                  sfr0         0000
__Hsfr1                  sfr1         0000
__Hsfr2                  sfr2         0000
__Hsfr3                  sfr3         0000
__Hspace_0               (abs)        1000
__Hspace_1               (abs)        007E
__Hspace_2               (abs)        0000
__Hspace_3               (abs)        0000
__Hspace_4               (abs)        400F
__Hstack                 stack        0000
__Hstrings               strings      0000
__Htext                  text         0000
__Labs1                  abs1         0000
__Lbank0                 bank0        0000
__Lbank1                 bank1        0000
__Lbank2                 bank2        0000
__Lbank3                 bank3        0000
__LbssBANK0              bssBANK0     0000
__Lcinit                 cinit        07F5
__Lclrtext               clrtext      0000
__Lcode                  code         0000
__Lcommon                common       0000
__Lconfig                config       0000
__LcstackBANK0           cstackBANK0  0000
__LcstackCOMMON          cstackCOMMON 0000
__Leeprom_data           eeprom_data  0000
__Lend_init              end_init     0000
__Lfunctab               functab      0000
__Linit                  init         0000
__Lintentry              intentry     0000
__Lmaintext              maintext     0000
__Lpowerup               powerup      0000
__Lram                   ram          0000
__Lreset_vec             reset_vec    0000
__Lsfr0                  sfr0         0000
__Lsfr1                  sfr1         0000
__Lsfr2                  sfr2         0000
__Lsfr3                  sfr3         0000
__Lspace_0               (abs)        0000
__Lspace_1               (abs)        0000
__Lspace_2               (abs)        0000
__Lspace_3               (abs)        0000
__Lspace_4               (abs)        0000
__Lstack                 stack        0000
__Lstrings               strings      0000
__Ltext                  text         0000
__S0                     (abs)        1000
__S1                     (abs)        007E
__S2                     (abs)        0000
__S3                     (abs)        0000
___awtoft                text8        0EE2
___awtoft@c              cstackCOMMON 0078
___awtoft@sign           cstackCOMMON 007B
___ftdiv                 text7        0160
___ftdiv@cntr            cstackBANK0  0038
___ftdiv@exp             cstackBANK0  003C
___ftdiv@f1              cstackBANK0  0032
___ftdiv@f2              cstackBANK0  002F
___ftdiv@f3              cstackBANK0  0039
___ftdiv@sign            cstackBANK0  003D
___ftmul                 text6        03E1
___ftmul@cntr            cstackBANK0  002D
___ftmul@exp             cstackBANK0  0029
___ftmul@f1              cstackBANK0  0020
___ftmul@f2              cstackBANK0  0023
___ftmul@f3_as_product   cstackBANK0  002A
___ftmul@sign            cstackBANK0  002E
___ftpack                text9        0079
___ftpack@arg            cstackCOMMON 0070
___ftpack@exp            cstackCOMMON 0073
___ftpack@sign           cstackCOMMON 0074
___fttol                 text5        00E5
___fttol@exp1            cstackBANK0  003B
___fttol@f1              cstackBANK0  002F
___fttol@lval            cstackBANK0  0037
___fttol@sign1           cstackBANK0  0036
___int_sp                stack        0000
___latbits               (abs)        0002
___lwdiv                 text4        0F35
___lwdiv@counter         cstackCOMMON 0076
___lwdiv@dividend        cstackCOMMON 0072
___lwdiv@divisor         cstackCOMMON 0070
___lwdiv@quotient        cstackCOMMON 0074
___lwmod                 text3        0F03
___lwmod@counter         cstackCOMMON 007B
___lwmod@dividend        cstackCOMMON 0079
___lwmod@divisor         cstackCOMMON 0077
___sp                    stack        0000
___stackhi               (abs)        0000
___stacklo               (abs)        0000
__end_of_INI             text10       0FB8
__end_of_Lcd_CharCP      text14       0336
__end_of_Lcd_Command     text13       0296
__end_of_Lcd_ConstText   text12       1000
__end_of_Lcd_Init        text11       03E1
__end_of___awtoft        text8        0F03
__end_of___ftdiv         text7        01F8
__end_of___ftmul         text6        0494
__end_of___ftpack        text9        00E5
__end_of___fttol         text5        0160
__end_of___lwdiv         text4        0F71
__end_of___lwmod         text3        0F35
__end_of__initialization cinit        07FC
__end_of__stringtab      strings      0013
__end_of_dpowers         strings      001D
__end_of_main            maintext     07F5
__end_of_search_channel  text1        0557
__end_of_sprintf         text2        0623
__initialization         cinit        07F5
__pbssBANK0              bssBANK0     0047
__pcstackBANK0           cstackBANK0  0020
__pcstackCOMMON          cstackCOMMON 0070
__pmaintext              maintext     0623
__pstrings               strings      0003
__ptext1                 text1        0494
__ptext10                text10       0F71
__ptext11                text11       0336
__ptext12                text12       0FB8
__ptext13                text13       01F8
__ptext14                text14       0296
__ptext2                 text2        0557
__ptext3                 text3        0F03
__ptext4                 text4        0F35
__ptext5                 text5        00E5
__ptext6                 text6        03E1
__ptext7                 text7        0160
__ptext8                 text8        0EE2
__ptext9                 text9        0079
__size_of_INI            (abs)        0000
__size_of_Lcd_CharCP     (abs)        0000
__size_of_Lcd_Command    (abs)        0000
__size_of_Lcd_ConstText  (abs)        0000
__size_of_Lcd_Init       (abs)        0000
__size_of___awtoft       (abs)        0000
__size_of___ftdiv        (abs)        0000
__size_of___ftmul        (abs)        0000
__size_of___ftpack       (abs)        0000
__size_of___fttol        (abs)        0000
__size_of___lwdiv        (abs)        0000
__size_of___lwmod        (abs)        0000
__size_of_main           (abs)        0000
__size_of_search_channel (abs)        0000
__size_of_sprintf        (abs)        0000
__stringbase             strings      0012
__stringtab              strings      0003
_dpowers                 strings      0013
_main                    maintext     0623
_nRBPU                   (abs)        040F
_search_channel          text1        0494
_sprintf                 text2        0557
btemp                    (abs)        007E
clear_ram0               clrtext      0071
end_of_initialization    cinit        07FC
intlevel0                functab      0000
intlevel1                functab      0000
intlevel2                functab      0000
intlevel3                functab      0000
intlevel4                functab      0000
intlevel5                functab      0000
main@i                   cstackBANK0  0043
main@i_208               cstackBANK0  0045
reset_vec                reset_vec    0000
search_channel@channel   cstackBANK0  003E
sprintf@ap               cstackBANK0  0026
sprintf@c                cstackBANK0  002C
sprintf@f                cstackBANK0  0020
sprintf@flag             cstackBANK0  0027
sprintf@prec             cstackBANK0  0028
sprintf@sp               cstackBANK0  002B
sprintf@val              cstackBANK0  0029
start                    init         0000
start_initialization     cinit        07F5
wtemp0                   (abs)        007E


FUNCTION INFORMATION:

 *************** function _main *****************
 Defined at:
		line 84 in file "MAIN.c"
 Parameters:    Size  Location     Type
		None
 Auto vars:     Size  Location     Type
  i               2   37[BANK0 ] int 
  i               2   35[BANK0 ] int 
 Return value:  Size  Location     Type
                  1    wreg      void 
 Registers used:
		wreg, fsr0l, fsr0h, status,2, status,0, btemp+1, pclath, cstack
 Tracked objects:
		On entry : 
		On exit  : 
		Unchanged: 
 Data sizes:     COMMON   BANK0   BANK1   BANK3   BANK2
      Params:         0       0       0       0       0
      Locals:         0       4       0       0       0
      Temps:          0       3       0       0       0
      Totals:         0       7       0       0       0
Total ram usage:        7 bytes
 Hardware stack levels required when called:    3
 This function calls:
		_INI
		_Lcd_Command
		_Lcd_ConstText
		_search_channel
		_sprintf
 This function is called by:
		Startup code after reset
 This function uses a non-reentrant model


 *************** function _search_channel *****************
 Defined at:
		line 54 in file "MAIN.c"
 Parameters:    Size  Location     Type
  channel         2   30[BANK0 ] int 
 Auto vars:     Size  Location     Type
		None
 Return value:  Size  Location     Type
                  1    wreg      void 
 Registers used:
		wreg, fsr0l, fsr0h, status,2, status,0, btemp+1, pclath, cstack
 Tracked objects:
		On entry : 
		On exit  : 
		Unchanged: 
 Data sizes:     COMMON   BANK0   BANK1   BANK3   BANK2
      Params:         0       2       0       0       0
      Locals:         0       0       0       0       0
      Temps:          2       0       0       0       0
      Totals:         2       2       0       0       0
Total ram usage:        4 bytes
 Hardware stack levels used:    1
 Hardware stack levels required when called:    2
 This function calls:
		___awtoft
		___ftdiv
		___ftmul
		___fttol
		_sprintf
 This function is called by:
		_main
 This function uses a non-reentrant model


 *************** function _sprintf *****************
 Defined at:
		line 505 in file "C:\Program Files\Microchip\xc8\v2.20\pic\sources\c90\common\doprnt.c"
 Parameters:    Size  Location     Type
  sp              1    wreg     PTR unsigned char 
		 -> TIEM(6), SEN2(6), SEN1(6), 
  f               1    0[BANK0 ] PTR const unsigned char 
		 -> STR_9(3), STR_8(3), STR_4(3), STR_3(3), 
 Auto vars:     Size  Location     Type
  sp              1   11[BANK0 ] PTR unsigned char 
		 -> TIEM(6), SEN2(6), SEN1(6), 
  tmpval          4    0        struct .
  val             2    9[BANK0 ] unsigned int 
  cp              2    0        PTR const unsigned char 
  len             2    0        unsigned int 
  c               1   12[BANK0 ] unsigned char 
  prec            1    8[BANK0 ] char 
  flag            1    7[BANK0 ] unsigned char 
  ap              1    6[BANK0 ] PTR void [1]
		 -> ?_sprintf(2), 
 Return value:  Size  Location     Type
                  2    0[BANK0 ] int 
 Registers used:
		wreg, fsr0l, fsr0h, status,2, status,0, btemp+1, pclath, cstack
 Tracked objects:
		On entry : 
		On exit  : 
		Unchanged: 
 Data sizes:     COMMON   BANK0   BANK1   BANK3   BANK2
      Params:         0       3       0       0       0
      Locals:         0       7       0       0       0
      Temps:          0       3       0       0       0
      Totals:         0      13       0       0       0
Total ram usage:       13 bytes
 Hardware stack levels used:    1
 Hardware stack levels required when called:    1
 This function calls:
		___lwdiv
		___lwmod
 This function is called by:
		_search_channel
		_main
 This function uses a non-reentrant model


 *************** function ___lwmod *****************
 Defined at:
		line 5 in file "C:\Program Files\Microchip\xc8\v2.20\pic\sources\c90\common\lwmod.c"
 Parameters:    Size  Location     Type
  divisor         2    7[COMMON] unsigned int 
  dividend        2    9[COMMON] unsigned int 
 Auto vars:     Size  Location     Type
  counter         1   11[COMMON] unsigned char 
 Return value:  Size  Location     Type
                  2    7[COMMON] unsigned int 
 Registers used:
		wreg, status,2, status,0, btemp+1
 Tracked objects:
		On entry : 
		On exit  : 
		Unchanged: 
 Data sizes:     COMMON   BANK0   BANK1   BANK3   BANK2
      Params:         4       0       0       0       0
      Locals:         1       0       0       0       0
      Temps:          0       0       0       0       0
      Totals:         5       0       0       0       0
Total ram usage:        5 bytes
 Hardware stack levels used:    1
 This function calls:
		Nothing
 This function is called by:
		_sprintf
 This function uses a non-reentrant model


 *************** function ___lwdiv *****************
 Defined at:
		line 5 in file "C:\Program Files\Microchip\xc8\v2.20\pic\sources\c90\common\lwdiv.c"
 Parameters:    Size  Location     Type
  divisor         2    0[COMMON] unsigned int 
  dividend        2    2[COMMON] unsigned int 
 Auto vars:     Size  Location     Type
  quotient        2    4[COMMON] unsigned int 
  counter         1    6[COMMON] unsigned char 
 Return value:  Size  Location     Type
                  2    0[COMMON] unsigned int 
 Registers used:
		wreg, status,2, status,0, btemp+1
 Tracked objects:
		On entry : 
		On exit  : 
		Unchanged: 
 Data sizes:     COMMON   BANK0   BANK1   BANK3   BANK2
      Params:         4       0       0       0       0
      Locals:         3       0       0       0       0
      Temps:          0       0       0       0       0
      Totals:         7       0       0       0       0
Total ram usage:        7 bytes
 Hardware stack levels used:    1
 This function calls:
		Nothing
 This function is called by:
		_sprintf
 This function uses a non-reentrant model


 *************** function ___fttol *****************
 Defined at:
		line 44 in file "C:\Program Files\Microchip\xc8\v2.20\pic\sources\c90\common\fttol.c"
 Parameters:    Size  Location     Type
  f1              3   15[BANK0 ] float 
 Auto vars:     Size  Location     Type
  lval            4   23[BANK0 ] unsigned long 
  exp1            1   27[BANK0 ] unsigned char 
  sign1           1   22[BANK0 ] unsigned char 
 Return value:  Size  Location     Type
                  4   15[BANK0 ] long 
 Registers used:
		wreg, status,2, status,0, btemp+1
 Tracked objects:
		On entry : 
		On exit  : 
		Unchanged: 
 Data sizes:     COMMON   BANK0   BANK1   BANK3   BANK2
      Params:         0       4       0       0       0
      Locals:         0       6       0       0       0
      Temps:          0       3       0       0       0
      Totals:         0      13       0       0       0
Total ram usage:       13 bytes
 Hardware stack levels used:    1
 This function calls:
		Nothing
 This function is called by:
		_search_channel
 This function uses a non-reentrant model


 *************** function ___ftmul *****************
 Defined at:
		line 62 in file "C:\Program Files\Microchip\xc8\v2.20\pic\sources\c90\common\ftmul.c"
 Parameters:    Size  Location     Type
  f1              3    0[BANK0 ] float 
  f2              3    3[BANK0 ] float 
 Auto vars:     Size  Location     Type
  f3_as_produc    3   10[BANK0 ] unsigned um
  sign            1   14[BANK0 ] unsigned char 
  cntr            1   13[BANK0 ] unsigned char 
  exp             1    9[BANK0 ] unsigned char 
 Return value:  Size  Location     Type
                  3    0[BANK0 ] float 
 Registers used:
		wreg, status,2, status,0, btemp+1, pclath, cstack
 Tracked objects:
		On entry : 
		On exit  : 
		Unchanged: 
 Data sizes:     COMMON   BANK0   BANK1   BANK3   BANK2
      Params:         0       6       0       0       0
      Locals:         0       6       0       0       0
      Temps:          0       3       0       0       0
      Totals:         0      15       0       0       0
Total ram usage:       15 bytes
 Hardware stack levels used:    1
 Hardware stack levels required when called:    1
 This function calls:
		___ftpack
 This function is called by:
		_search_channel
 This function uses a non-reentrant model


 *************** function ___ftdiv *****************
 Defined at:
		line 56 in file "C:\Program Files\Microchip\xc8\v2.20\pic\sources\c90\common\ftdiv.c"
 Parameters:    Size  Location     Type
  f2              3   15[BANK0 ] float 
  f1              3   18[BANK0 ] float 
 Auto vars:     Size  Location     Type
  f3              3   25[BANK0 ] float 
  sign            1   29[BANK0 ] unsigned char 
  exp             1   28[BANK0 ] unsigned char 
  cntr            1   24[BANK0 ] unsigned char 
 Return value:  Size  Location     Type
                  3   15[BANK0 ] float 
 Registers used:
		wreg, status,2, status,0, btemp+1, pclath, cstack
 Tracked objects:
		On entry : 
		On exit  : 
		Unchanged: 
 Data sizes:     COMMON   BANK0   BANK1   BANK3   BANK2
      Params:         0       6       0       0       0
      Locals:         0       6       0       0       0
      Temps:          0       3       0       0       0
      Totals:         0      15       0       0       0
Total ram usage:       15 bytes
 Hardware stack levels used:    1
 Hardware stack levels required when called:    1
 This function calls:
		___ftpack
 This function is called by:
		_search_channel
 This function uses a non-reentrant model


 *************** function ___awtoft *****************
 Defined at:
		line 32 in file "C:\Program Files\Microchip\xc8\v2.20\pic\sources\c90\common\awtoft.c"
 Parameters:    Size  Location     Type
  c               2    8[COMMON] int 
 Auto vars:     Size  Location     Type
  sign            1   11[COMMON] unsigned char 
 Return value:  Size  Location     Type
                  3    8[COMMON] float 
 Registers used:
		wreg, status,2, status,0, btemp+1, pclath, cstack
 Tracked objects:
		On entry : 
		On exit  : 
		Unchanged: 
 Data sizes:     COMMON   BANK0   BANK1   BANK3   BANK2
      Params:         3       0       0       0       0
      Locals:         1       0       0       0       0
      Temps:          0       0       0       0       0
      Totals:         4       0       0       0       0
Total ram usage:        4 bytes
 Hardware stack levels used:    1
 Hardware stack levels required when called:    1
 This function calls:
		___ftpack
 This function is called by:
		_search_channel
 This function uses a non-reentrant model


 *************** function ___ftpack *****************
 Defined at:
		line 62 in file "C:\Program Files\Microchip\xc8\v2.20\pic\sources\c90\common\float.c"
 Parameters:    Size  Location     Type
  arg             3    0[COMMON] unsigned um
  exp             1    3[COMMON] unsigned char 
  sign            1    4[COMMON] unsigned char 
 Auto vars:     Size  Location     Type
		None
 Return value:  Size  Location     Type
                  3    0[COMMON] float 
 Registers used:
		wreg, status,2, status,0, btemp+1
 Tracked objects:
		On entry : 
		On exit  : 
		Unchanged: 
 Data sizes:     COMMON   BANK0   BANK1   BANK3   BANK2
      Params:         5       0       0       0       0
      Locals:         0       0       0       0       0
      Temps:          3       0       0       0       0
      Totals:         8       0       0       0       0
Total ram usage:        8 bytes
 Hardware stack levels used:    1
 This function calls:
		Nothing
 This function is called by:
		___awtoft
		___ftdiv
		___ftmul
 This function uses a non-reentrant model


 *************** function _INI *****************
 Defined at:
		line 37 in file "MAIN.c"
 Parameters:    Size  Location     Type
		None
 Auto vars:     Size  Location     Type
		None
 Return value:  Size  Location     Type
                  1    wreg      void 
 Registers used:
		wreg, fsr0l, fsr0h, status,2, status,0, btemp+1, pclath, cstack
 Tracked objects:
		On entry : 
		On exit  : 
		Unchanged: 
 Data sizes:     COMMON   BANK0   BANK1   BANK3   BANK2
      Params:         0       0       0       0       0
      Locals:         0       0       0       0       0
      Temps:          3       0       0       0       0
      Totals:         3       0       0       0       0
Total ram usage:        3 bytes
 Hardware stack levels used:    1
 Hardware stack levels required when called:    2
 This function calls:
		_Lcd_Command
		_Lcd_ConstText
		_Lcd_Init
 This function is called by:
		_main
 This function uses a non-reentrant model


 *************** function _Lcd_Init *****************
 Defined at:
		line 17 in file "lcd_hd44780.c"
 Parameters:    Size  Location     Type
		None
 Auto vars:     Size  Location     Type
  data            1    5[COMMON] unsigned char 
 Return value:  Size  Location     Type
                  1    wreg      void 
 Registers used:
		wreg, status,2, status,0, btemp+1, pclath, cstack
 Tracked objects:
		On entry : 
		On exit  : 
		Unchanged: 
 Data sizes:     COMMON   BANK0   BANK1   BANK3   BANK2
      Params:         0       0       0       0       0
      Locals:         1       0       0       0       0
      Temps:          2       0       0       0       0
      Totals:         3       0       0       0       0
Total ram usage:        3 bytes
 Hardware stack levels used:    1
 Hardware stack levels required when called:    1
 This function calls:
		_Lcd_Command
 This function is called by:
		_INI
 This function uses a non-reentrant model


 *************** function _Lcd_ConstText *****************
 Defined at:
		line 49 in file "lcd_hd44780.c"
 Parameters:    Size  Location     Type
  y               1    wreg     unsigned char 
  x               1    3[COMMON] unsigned char 
  buffer          2    4[COMMON] PTR const unsigned char 
		 -> STR_12(10), STR_11(14), STR_10(11), TIEM(6), 
		 -> STR_7(4), STR_6(8), STR_5(6), SEN2(6), 
		 -> SEN1(6), STR_2(8), STR_1(12), 
 Auto vars:     Size  Location     Type
  y               1    6[COMMON] unsigned char 
  data            1    7[COMMON] unsigned char 
 Return value:  Size  Location     Type
                  1    wreg      void 
 Registers used:
		wreg, fsr0l, fsr0h, status,2, status,0, btemp+1, pclath, cstack
 Tracked objects:
		On entry : 
		On exit  : 
		Unchanged: 
 Data sizes:     COMMON   BANK0   BANK1   BANK3   BANK2
      Params:         3       0       0       0       0
      Locals:         2       0       0       0       0
      Temps:          0       0       0       0       0
      Totals:         5       0       0       0       0
Total ram usage:        5 bytes
 Hardware stack levels used:    1
 Hardware stack levels required when called:    1
 This function calls:
		_Lcd_CharCP
		_Lcd_Command
 This function is called by:
		_INI
		_main
 This function uses a non-reentrant model


 *************** function _Lcd_Command *****************
 Defined at:
		line 108 in file "lcd_hd44780.c"
 Parameters:    Size  Location     Type
  command         1    wreg     unsigned char 
 Auto vars:     Size  Location     Type
  command         1    2[COMMON] unsigned char 
 Return value:  Size  Location     Type
                  1    wreg      void 
 Registers used:
		wreg, status,2, status,0
 Tracked objects:
		On entry : 
		On exit  : 
		Unchanged: 
 Data sizes:     COMMON   BANK0   BANK1   BANK3   BANK2
      Params:         0       0       0       0       0
      Locals:         1       0       0       0       0
      Temps:          2       0       0       0       0
      Totals:         3       0       0       0       0
Total ram usage:        3 bytes
 Hardware stack levels used:    1
 This function calls:
		Nothing
 This function is called by:
		_INI
		_main
		_Lcd_Init
		_Lcd_ConstText
 This function uses a non-reentrant model


 *************** function _Lcd_CharCP *****************
 Defined at:
		line 91 in file "lcd_hd44780.c"
 Parameters:    Size  Location     Type
  c               1    wreg     unsigned char 
 Auto vars:     Size  Location     Type
  c               1    2[COMMON] unsigned char 
 Return value:  Size  Location     Type
                  1    wreg      void 
 Registers used:
		wreg, status,2, status,0
 Tracked objects:
		On entry : 
		On exit  : 
		Unchanged: 
 Data sizes:     COMMON   BANK0   BANK1   BANK3   BANK2
      Params:         0       0       0       0       0
      Locals:         1       0       0       0       0
      Temps:          2       0       0       0       0
      Totals:         3       0       0       0       0
Total ram usage:        3 bytes
 Hardware stack levels used:    1
 This function calls:
		Nothing
 This function is called by:
		_Lcd_ConstText
 This function uses a non-reentrant model



MODULE INFORMATION

Module		Function		Class		Link	Load	Size
C:\Program Files\Microchip\xc8\v2.20\pic\sources\c90\common\awtoft.c
		___awtoft      		CODE           	0EE2	0000	34

C:\Program Files\Microchip\xc8\v2.20\pic\sources\c90\common\awtoft.c estimated size: 34

C:\Program Files\Microchip\xc8\v2.20\pic\sources\c90\common\float.c
		___ftpack      		CODE           	0079	0000	109

C:\Program Files\Microchip\xc8\v2.20\pic\sources\c90\common\float.c estimated size: 109

lcd_hd44780.c
		_Lcd_ConstText 		CODE           	0FB8	0000	73
		_Lcd_Init      		CODE           	0336	0000	172
		_Lcd_Command   		CODE           	01F8	0000	159
		_Lcd_CharCP    		CODE           	0296	0000	161

lcd_hd44780.c estimated size: 565

C:\Program Files\Microchip\xc8\v2.20\pic\sources\c90\common\lwmod.c
		___lwmod       		CODE           	0F03	0000	51

C:\Program Files\Microchip\xc8\v2.20\pic\sources\c90\common\lwmod.c estimated size: 51

C:\Program Files\Microchip\xc8\v2.20\pic\sources\c90\common\ftmul.c
		___ftmul       		CODE           	03E1	0000	180

C:\Program Files\Microchip\xc8\v2.20\pic\sources\c90\common\ftmul.c estimated size: 180

C:\Program Files\Microchip\xc8\v2.20\pic\sources\c90\common\doprnt.c
		_sprintf       		CODE           	0557	0000	205

C:\Program Files\Microchip\xc8\v2.20\pic\sources\c90\common\doprnt.c estimated size: 205

shared
		__stringtab    		STRING         	0003	0000	17
		_dpowers       		STRING         	0013	0000	11
		__initialization		CODE           	07F5	0000	8

shared estimated size: 36

C:\Program Files\Microchip\xc8\v2.20\pic\sources\c90\common\ftdiv.c
		___ftdiv       		CODE           	0160	0000	153

C:\Program Files\Microchip\xc8\v2.20\pic\sources\c90\common\ftdiv.c estimated size: 153

C:\Program Files\Microchip\xc8\v2.20\pic\sources\c90\common\lwdiv.c
		___lwdiv       		CODE           	0F35	0000	61

C:\Program Files\Microchip\xc8\v2.20\pic\sources\c90\common\lwdiv.c estimated size: 61

MAIN.c
		_main          		CODE           	0623	0000	467
		_INI           		CODE           	0F71	0000	72
		_search_channel		CODE           	0494	0000	196

MAIN.c estimated size: 735

C:\Program Files\Microchip\xc8\v2.20\pic\sources\c90\common\fttol.c
		___fttol       		CODE           	00E5	0000	124

C:\Program Files\Microchip\xc8\v2.20\pic\sources\c90\common\fttol.c estimated size: 124

